{
  "schema_version": "2.0.0",
  "lineage": {"request_id": "1234567890abcdef1234567890abcdef"},
  "asof": "2025-01-01T00:00:00Z",
  "lineage": {
    "input_hash": "237564ef3f867dfc572836449e15c11030157e06b5ec42c09d2944e21db312b2",
    "seed": 0,
    "mode": "v2.fractal"
  },
  "audit": {
    "ts_start": 0,
    "ts_end": 0,
    "trace_id": "trace"
  },
  "summary": {
    "scenario": "swing",
    "window": "1d",
    "overall_signal": 0.185588,
    "confidence": 1.0,
    "router_path": "swing/v2.fractal",
    "nagr_score": 0.0,
    "advisories": [],
    "overall_signal_L1": 0.623828,
    "overall_signal_L2": -0.025455,
    "overall_signal_L3": 0.201847,
    "level_weights": {
      "L1": 0.15,
      "L2": 0.35,
      "L3": 0.5
    }
  },
  "details": {
    "normalized_micro": {
      "price_change_pct": 0.635149,
      "volume_change_pct": 0.921669,
      "funding_rate_bps": 0.664037,
      "oi_change_pct": 0.848284
    },
    "normalized_mezo": {
      "net_positioning_index": -0.379949,
      "liquidation_heatmap_entropy": 0.291313
    },
    "normalized_macro": {
      "active_addrs_trend": 0.099668,
      "macro_regime_score": 0.379949
    },
    "router_regime": "low",
    "diagnostics": {
      "completeness": 1.0,
      "notes": []
    }
  }
}
